=== OpsPilot Security Retrofit — Live Probes Verification Log ===
Date: Sat Aug 29 08:43:30 UTC 2026
Branch: security/shift-left
Commit: f9514f2268d7c555fe2ae2943d9b54289e15b7b1

=================================================================
SECTION 1: Production Mode (NODE_ENV=production) - No Auth Headers
=================================================================
1.1 POST /api/v1/simulator/chaos (no auth header) -> Expect 401
HTTP/1.1 401 Unauthorized
Content-Security-Policy: default-src 'self';base-uri 'self';font-src 'self' https: data:;form-action 'self';frame-ancestors 'self';img-src 'self' data:;object-src 'none';script-src 'self';script-src-attr 'none';style-src 'self' https: 'unsafe-inline';upgrade-insecure-requests
Cross-Origin-Opener-Policy: same-origin
Cross-Origin-Resource-Policy: same-origin
Origin-Agent-Cluster: ?1
Referrer-Policy: no-referrer
Strict-Transport-Security: max-age=15552000; includeSubDomains
X-Content-Type-Options: nosniff
X-DNS-Prefetch-Control: off
X-Download-Options: noopen
X-Frame-Options: SAMEORIGIN
X-Permitted-Cross-Domain-Policies: none
X-XSS-Protection: 0
vary: Origin
access-control-allow-credentials: true
x-ratelimit-limit: 30
x-ratelimit-remaining: 29
x-ratelimit-reset: 60
content-type: application/json; charset=utf-8
content-length: 113
Date: Sat, 29 Aug 2026 08:43:35 GMT
Connection: keep-alive
Keep-Alive: timeout=72

{"success":false,"error":{"code":"AUTHENTICATION_REQUIRED","message":"Mandatory Bearer authentication required"}}
1.2 DELETE /api/v1/rules/any-id (no auth header) -> Expect 401
HTTP/1.1 401 Unauthorized
Content-Security-Policy: default-src 'self';base-uri 'self';font-src 'self' https: data:;form-action 'self';frame-ancestors 'self';img-src 'self' data:;object-src 'none';script-src 'self';script-src-attr 'none';style-src 'self' https: 'unsafe-inline';upgrade-insecure-requests
Cross-Origin-Opener-Policy: same-origin
Cross-Origin-Resource-Policy: same-origin
Origin-Agent-Cluster: ?1
Referrer-Policy: no-referrer
Strict-Transport-Security: max-age=15552000; includeSubDomains
X-Content-Type-Options: nosniff
X-DNS-Prefetch-Control: off
X-Download-Options: noopen
X-Frame-Options: SAMEORIGIN
X-Permitted-Cross-Domain-Policies: none
X-XSS-Protection: 0
vary: Origin
access-control-allow-credentials: true
x-ratelimit-limit: 200
x-ratelimit-remaining: 199
x-ratelimit-reset: 60
content-type: application/json; charset=utf-8
content-length: 113
Date: Sat, 29 Aug 2026 08:43:35 GMT
Connection: keep-alive
Keep-Alive: timeout=72

{"success":false,"error":{"code":"AUTHENTICATION_REQUIRED","message":"Mandatory Bearer authentication required"}}
1.3 POST /api/v1/telemetry/provider (no auth header) -> Expect 401
HTTP/1.1 401 Unauthorized
Content-Security-Policy: default-src 'self';base-uri 'self';font-src 'self' https: data:;form-action 'self';frame-ancestors 'self';img-src 'self' data:;object-src 'none';script-src 'self';script-src-attr 'none';style-src 'self' https: 'unsafe-inline';upgrade-insecure-requests
Cross-Origin-Opener-Policy: same-origin
Cross-Origin-Resource-Policy: same-origin
Origin-Agent-Cluster: ?1
Referrer-Policy: no-referrer
Strict-Transport-Security: max-age=15552000; includeSubDomains
X-Content-Type-Options: nosniff
X-DNS-Prefetch-Control: off
X-Download-Options: noopen
X-Frame-Options: SAMEORIGIN
X-Permitted-Cross-Domain-Policies: none
X-XSS-Protection: 0
vary: Origin
access-control-allow-credentials: true
x-ratelimit-limit: 200
x-ratelimit-remaining: 198
x-ratelimit-reset: 60
content-type: application/json; charset=utf-8
content-length: 113
Date: Sat, 29 Aug 2026 08:43:35 GMT
Connection: keep-alive
Keep-Alive: timeout=72

{"success":false,"error":{"code":"AUTHENTICATION_REQUIRED","message":"Mandatory Bearer authentication required"}}
1.4 PATCH /api/v1/incidents/some-id (no auth header) -> Expect 401
HTTP/1.1 401 Unauthorized
Content-Security-Policy: default-src 'self';base-uri 'self';font-src 'self' https: data:;form-action 'self';frame-ancestors 'self';img-src 'self' data:;object-src 'none';script-src 'self';script-src-attr 'none';style-src 'self' https: 'unsafe-inline';upgrade-insecure-requests
Cross-Origin-Opener-Policy: same-origin
Cross-Origin-Resource-Policy: same-origin
Origin-Agent-Cluster: ?1
Referrer-Policy: no-referrer
Strict-Transport-Security: max-age=15552000; includeSubDomains
X-Content-Type-Options: nosniff
X-DNS-Prefetch-Control: off
X-Download-Options: noopen
X-Frame-Options: SAMEORIGIN
X-Permitted-Cross-Domain-Policies: none
X-XSS-Protection: 0
vary: Origin
access-control-allow-credentials: true
x-ratelimit-limit: 200
x-ratelimit-remaining: 197
x-ratelimit-reset: 60
content-type: application/json; charset=utf-8
content-length: 113
Date: Sat, 29 Aug 2026 08:43:35 GMT
Connection: keep-alive
Keep-Alive: timeout=72

{"success":false,"error":{"code":"AUTHENTICATION_REQUIRED","message":"Mandatory Bearer authentication required"}}
1.5 GET /api/v1/alerts (no auth header) -> Expect 200 (Public Read)
HTTP/1.1 200 OK
Content-Security-Policy: default-src 'self';base-uri 'self';font-src 'self' https: data:;form-action 'self';frame-ancestors 'self';img-src 'self' data:;object-src 'none';script-src 'self';script-src-attr 'none';style-src 'self' https: 'unsafe-inline';upgrade-insecure-requests
Cross-Origin-Opener-Policy: same-origin
Cross-Origin-Resource-Policy: same-origin
Origin-Agent-Cluster: ?1
Referrer-Policy: no-referrer
Strict-Transport-Security: max-age=15552000; includeSubDomains
X-Content-Type-Options: nosniff
X-DNS-Prefetch-Control: off
X-Download-Options: noopen
X-Frame-Options: SAMEORIGIN
X-Permitted-Cross-Domain-Policies: none
X-XSS-Protection: 0
vary: Origin
access-control-allow-credentials: true
x-ratelimit-limit: 200
x-ratelimit-remaining: 196
x-ratelimit-reset: 60
content-type: application/json; charset=utf-8
content-length: 67
Date: Sat, 29 Aug 2026 08:43:35 GMT
Connection: keep-alive
Keep-Alive: timeout=72

{"success":true,"data":[],"meta":{"total":0,"limit":20,"offset":0}}
=================================================================
SECTION 2: Development Mode (NODE_ENV=development) - RBAC & Rate Limiting
=================================================================
2.1 POST /api/v1/simulator/chaos with SRE header -> Expect 403 INSUFFICIENT_PERMISSION
HTTP/1.1 403 Forbidden
Cross-Origin-Opener-Policy: same-origin
Cross-Origin-Resource-Policy: same-origin
Origin-Agent-Cluster: ?1
Referrer-Policy: no-referrer
Strict-Transport-Security: max-age=15552000; includeSubDomains
X-Content-Type-Options: nosniff
X-DNS-Prefetch-Control: off
X-Download-Options: noopen
X-Frame-Options: SAMEORIGIN
X-Permitted-Cross-Domain-Policies: none
X-XSS-Protection: 0
vary: Origin
access-control-allow-credentials: true
x-ratelimit-limit: 30
x-ratelimit-remaining: 29
x-ratelimit-reset: 60
content-type: application/json; charset=utf-8
content-length: 145
Date: Sat, 29 Aug 2026 08:43:42 GMT
Connection: keep-alive
Keep-Alive: timeout=72

{"success":false,"error":{"code":"INSUFFICIENT_PERMISSION","message":"Principal 'dev-user-sre' lacks required permission 'REMEDIATION_EXECUTE'"}}
2.2 POST /api/v1/simulator/chaos with Commander header -> Expect Auth Passed (400 validation)
HTTP/1.1 400 Bad Request
Cross-Origin-Opener-Policy: same-origin
Cross-Origin-Resource-Policy: same-origin
Origin-Agent-Cluster: ?1
Referrer-Policy: no-referrer
Strict-Transport-Security: max-age=15552000; includeSubDomains
X-Content-Type-Options: nosniff
X-DNS-Prefetch-Control: off
X-Download-Options: noopen
X-Frame-Options: SAMEORIGIN
X-Permitted-Cross-Domain-Policies: none
X-XSS-Protection: 0
vary: Origin
access-control-allow-credentials: true
x-ratelimit-limit: 30
x-ratelimit-remaining: 28
x-ratelimit-reset: 60
content-type: application/json; charset=utf-8
content-length: 180
Date: Sat, 29 Aug 2026 08:43:42 GMT
Connection: keep-alive
Keep-Alive: timeout=72

{"success":false,"error":{"code":"VALIDATION_ERROR","message":"Invalid chaos request","details":{"formErrors":[],"fieldErrors":{"serviceId":["Required"],"scenario":["Required"]}}}}
2.3 Rate Limit 429 Probe: 35 rapid requests to POST /api/v1/simulator/chaos (limit: 30/min)
400 400 400 400 400 400 400 400 400 400 400 400 400 400 400 400 400 400 400 400 400 400 400 400 400 400 400 400 429 429 429 429 429 429 429 
2.4 Response for 35th request (Rate limit exceeded):
HTTP/1.1 429 Too Many Requests
Cross-Origin-Opener-Policy: same-origin
Cross-Origin-Resource-Policy: same-origin
Origin-Agent-Cluster: ?1
Referrer-Policy: no-referrer
Strict-Transport-Security: max-age=15552000; includeSubDomains
X-Content-Type-Options: nosniff
X-DNS-Prefetch-Control: off
X-Download-Options: noopen
X-Frame-Options: SAMEORIGIN
X-Permitted-Cross-Domain-Policies: none
X-XSS-Protection: 0
vary: Origin
access-control-allow-credentials: true
x-ratelimit-limit: 30
x-ratelimit-remaining: 0
x-ratelimit-reset: 60
retry-after: 60
content-type: application/json; charset=utf-8
content-length: 97
Date: Sat, 29 Aug 2026 08:43:43 GMT
Connection: keep-alive
Keep-Alive: timeout=72

{"statusCode":429,"error":"Too Many Requests","message":"Rate limit exceeded, retry in 1 minute"}
